[0m  [1;30mДДДДДДДДДДДДДДДДДДДДДДДДДДДДДДДДДДДДДДДДДДДДДДДДДДДДДДДДДДДДДДДДДДДДДДДДДДДД[0m
[25C[1mACTION LIST FOR TELECONFERENCE[0m
  [1;30mДДДДДДДДДДДДДДДДДДДДДДДДДДДДДДДДДДДДДДДДДДДДДДДДДДДДДДДДДДДДДДДДДДДДДДДДДДДД[0m
  [6CAFK      AGREE     ASSKICK   BACK      BBL       BEARHUG   BEER
   [5CBEG      BONK      BITE      BLUSH     BOW       BRB       BELCH
   [5CCHEER    CHUCKLE   CLAW      COMFORT   COUGH     CRY       CURTSY
    [4CDANCE    DEMAND    DINNER    DUCK      DUH       EMBRACE   EVILGRIN
    [4CFAINT    FART      FLASH     FLIPOFF   FLIRT     FROWN     FRENCH
  [6CGASP     GEEK      GRIN      GLARE     GROSS     HIFIVE    HUG
     [3CHS       INNOCENT  KICK      KILL      KISS      LICK      LAUGH
  [3C   LOOK     LOVE      MOAN      MOUNT     NAKED     NOD       NOTICE
  [3C   PUKE     PUNCH     RE        RIP       ROSE      SECRET    SHRUG
  [3C   SING     SMACK     SMIRK     SMOOCH    SNICKER   SPANK     STREAK
  [6CTHANK    TONGUE    WAVE      WELCOME   YAWN      YAKNOW    ZAP
  [1;30mДДДДДДДДДДДДДДДДДДДДДДДДДДДДДДДДДДДДДДДДДДДДДДДДДДДДДДДДДДДДДДДДДДДДДДДДДДДД[0m
[1;30m[6C[0mTo send an action, put a "/" followed by the action. You may send an
[1;30m[10C[0maction with or without a username. IE. "/HUG PAT" or "/HUG")
  [1;30mДДДДДДДДДДДДДДДДДДДДДДДДДДДДДДДДДДДДДДДДДДДДДДДДДДДДДДДДДДДДДДДДДДДДДДДДДДДД[0m
[0m