[2J[0m  [1;30mÄÄÄÄÄÄÄÄÄÄÄÄÄÄÄÄÄÄÄÄÄÄÄÄÄÄÄÄÄÄÄÄÄÄÄÄÄÄÄÄÄÄÄÄÄÄÄÄÄÄÄÄÄÄÄÄÄÄÄÄÄÄ
[A[64CÄÄÄÄÄÄÄÄÄÄÄÄÄÄ[0m
[9C[1;31m [0m[26C[1;31mWarning! [0m
[22CNo upload batch files specified yet.

[7CTo make the transfer easier, the files to be uploaded should exist
[8Cin your upload batch queue. Add files to this queue by using the
[10C([1mU[0m)pload command from the main file menu, and specifying t
[A[68Che
[25Cprotocol type as "B" for Batch.

[8CIf you upload files that are not already in this queue, you will
[7Chave to enter file descriptions for them after the transfer is done
[27Cto receive credit for them.
  [1;30mÄÄÄÄÄÄÄÄÄÄÄÄÄÄÄÄÄÄÄÄÄÄÄÄÄÄÄÄÄÄÄÄÄÄÄÄÄÄÄÄÄÄÄÄÄÄÄÄÄÄÄÄÄÄÄÄÄÄÄÄÄÄ
[A[64CÄÄÄÄÄÄÄÄÄÄÄÄÄÄ[0m
[0m