[2J[0m[21C ÜÜÜÜÜ [1;30mþ[0m ÜÜÜÜÜ  ÜÜÜÜÜÜ  ÜÜÜÜÜÜ [1;30mþ [0mÜÜÜÜÜÜ
[21C[1;30;47m±[0mÛÛ ÛÛ[1;47m°[0m [1;30;47m±[0mÛÛ ÛÛ[1;47m±[0m [1;30;47m±[0mÛÛ [1;47m  °[0m [1;30;47m±[0mÛÛ ÛÛ[1;47m±[0m [1;30;47m°[0mÛÛ ßßß
[21C[1;30;47m²[0mÛÛ ÜÜÜ [1;30;47m²[0mÛÛ ÛÛ[1;47m²[0m [1;30;47m²[0mÛÛ ÛÛ[1;47m±[0m [1;30;47m²[0mÛÛ ßß[1mß[0m ßßßßÛÛ[1;47m²[0m
[21C[1;30mß[47mþ[0mÛÜÛ[1;47mÜ[40mß[0m [1;30mß[47mÜ[0mÛÜÛ[1;47mÜ[40mß[0m [1;30;47mßþ[0mÛ [1;47m  ²[0m [1;30;47mßþ[0mÛß [1;30mÛ²[0m [1;30;47m²[0mÛÛÜÛ[1;47mÜ[40mß[0m
 [1;30mÄÄÄÄÄÄÄÄÄÄÄÄÄÄÄÄÄÄÄÄÄÄÄÄÄ mN! ÄÄÄÄÄÄÄÄÄ[0m ßß[1mß[0m [1;30mÄÄÄÄÄÄÄÄÄÄÄÄÄÄÄÄÄÄÄÄÄÄÄÄÄÄÄÄÄÄÄÄÄÄ[0m
 [1;30mó[0mK[1;30m/[0mDescription[1;30mò[0m[24C[1;30mó[0mK[1;30m/[0mDescription[1;30mò[0m
[1;30m ÄÄÄÄÄÄÄÄÄÄÄÄÄÄÄÄÄÄÄÄÄÄÄÄÄÄÄÄÄÄÄÄÄÄÄÄÄÄÄÄÄÄÄÄÄÄÄÄÄÄÄÄÄÄÄÄÄÄÄÄÄÄÄÄÄÄÄÄÄÄÄÄÄÄÄÄÄÄ[0m
[0m