[?7h[40m[2J[0;36mзддбддддддддддддбддддддддддбдддддддддддддддддддддддддддддддддддддддддддддддддд©
Ё[1;37;44m##[0;36mЁ[44m [1;37mFile Name  [0;36mЁ[44m   [1;37mSize   [0;36mЁ[44m  [1;37mDescription        ^6%FB{29^6[0;36mЁ
юддаддддддддддддаддддддддддадддддддддддддддддддддддддддддддддддддддддддддддддды[0m
