[2J[0m[13C ÜÜÜÜÜ[1;30m ß [0mÜÜÜÜÜ  ÜÜÜ [1;30mÜÜÜ[0m ÜÜÜ [1;30mÜÜÜ[0m  ÜÜÜÜÜ  ÜÜÜÜÜÜ [1;30mþ [0mÜÜÜÜÜÜ
[13C[1;30;47m±[0mÛÛ ÛÛ[1;47m°[0m [1;30;47m±[0mÛÛ ÛÛ[1;47m±[0m [1;30;47m±[0mÛÛ [1;30mÝÛ²[0m [1;30;47m±[0mÛÛ [1;30mÝÛ²[0m [1;30;47m±[0mÛÛÜÛÛ[1;47m°[0m [1;30;47m±[0mÛÛ Û[1;47mþß[0m [1;30;47m°[0mÛÛ ßßß
[13C[1;30;47m²[0mÛÛ ÜÜÜ [1;30m [0mÜÜÜÛÛ[1;47m²[0m [1;30;47m²[0mÛÛ ÜÜÜ [1;30;47m²[0mÛÛ ÜÜÜ [1;30;47m²[0mÛÛ ÜÜÜ [1;30;47m²[0mÛÛ [1;30mÜÜÜ[0m ßßßßÛÛ[1;47m²[0m
[13C[1;30mß[47mþ[0mÛÜÛ[1;47mÜ[40mß[0m [1;30;47mßþ[0mÛÜÛ[1;47mþ[40mÛ[0m [1;30;47mßþ[0mÛÜÛ[1;47mÜ[40mß[0m [1;30;47mßþ[0mÛÜÛ[1;47mÜ[40mß[0m [1;30mß[47mþ[0mÛÜÛ[1;47mÜ[40mß[0m [1;30;47mßþ[0mÛ [1;30mÝÛ²[0m [1;30;47m²[0mÛÛÜÛ[1;47mÜ[40mß[0m
 [1;30mÄÄÄÄÄÄÄÄÄÄÄÄÄÄÄÄÄÄÄÄÄÄÄÄÄÄÄÄÄÄÄÄÄÄÄÄÄÄÄÄÄÄÄÄÄÄÄÄÄÄÄÄÄÄÄ[0m [1;30mmN! ÄÄÄÄÄÄÄÄÄÄÄÄÄÄÄÄÄÄ[0m
[1;30m ó[0mTime On[1;30mò ó[0mTime Off[1;30mò ó[0mUser Name[1;30mò[0m[9C[1;30m [0m[9C[1;30mó[0mNode[1;30mò ó[0mCalls[1;30mò ó[0mConnection[1;30mò[0m
 [1;30mÄÄÄÄÄÄÄÄÄÄÄÄÄÄÄÄÄÄÄÄÄÄÄÄÄÄÄÄÄÄÄÄÄÄÄÄÄÄÄÄÄÄÄÄÄÄÄÄÄÄÄÄÄÄÄÄÄÄÄÄÄÄÄÄÄÄÄÄÄÄÄÄÄÄÄÄÄÄ[0m
[0m