[?7h[40m[2J[2C[0mмммммм [1;30mў [0mммммм  мммммм [1;30mў [0mмммлл[1;47mА[1C[30;40mмммў [0mмммммм ммм ммм  ммммм [1;30mў [0mммммммм ммммм
  [1;30;47mА[0mлл л[1;47mўп[1C[30mБ[0mлл лл[1;47mА[1C[30mА[0mлл лл[1;47mА[1C[30mБ[0mлл л[47m [1mБ[1C[30;40mмлл [47mБ[0mлл лл[1;47mА[1C[30mБ[0mлл лл[1;47mБ[1C[30mБ [0mл лл[1;47mБ[1C[30mВў[0mл лл[1;47mБ[1C[30mБ[0mллмлл[1;47mА[40m
  [30;47mБ[0mлл [1;30mммм  [0mмммлл[1;47mБ[1C[30mБ[0mлл лл[1;47mБ[1C[30mВ[0mлл л[47m [1mВ[1C[30;40mлоо [47mВ[0mлл лл[1;47mБ[1C[30mВ[0mлл лл[1;47mВ[1C[30mВ[0mлл лл[1;47mВ[1C[30;40mммм [0mлл[1;47mВ[1C[30mВ[0mлл ммм
  [1;30;47mВў[0mл [1;30mнлВ [47mпў[0mлмл[1;47mў[40mл [30;47mВў[0mл [47m  [1mВ[1C[30;40mп[47mў[0mлмл[1;47mўп[1C[30;40mлллм п[0mпплл[1;47mВ[1C[30;40mп[47mм[0mлмл[1;47mм[40mп [30mп[47mм[0mлмл[1;47mм[40mп [30mнлВ [0mл[1;47mўп[1C[30;40mп[47mў[0mлмл[1;47mм[40mп
  [30mФФФФФФФФФФФФФФФФФФФ [0mпп[1mп [30mФФФФФФФФФФФФФФФ [0mпп[1mп [30mФФФФФФФФФФФФФФФ mN! ФФФФФФФФФФФ
