[0m  [1;30mÄÄÄÄÄÄÄÄÄÄÄÄÄÄÄÄÄÄÄÄÄÄÄÄÄÄÄÄÄÄÄÄÄÄÄÄÄÄÄÄÄÄÄÄÄÄÄÄÄÄÄÄÄÄÄÄÄÄÄÄÄÄÄÄÄÄÄÄÄÄÄÄÄÄÄÄ[0m
[19C[1mRENEGADE BBS TELECONFERENCING COMMAND LIST[0m
  [1;30mÄÄÄÄÄÄÄÄÄÄÄÄÄÄÄÄÄÄÄÄÄÄÄÄÄÄÄÄÄÄÄÄÄÄÄÄÄÄÄÄÄÄÄÄÄÄÄÄÄÄÄÄÄÄÄÄÄÄÄÄÄÄÄÄÄÄÄÄÄÄÄÄÄÄÄÄ[0m
[1;30m  /ACTION [USERNAME]  [0mPerforms an action. (ie: /KICK USERNAME)          
[1;30m  /ANON               [0mToggles the room between anonymous and regular mode       [1;30m  /ECHO               [0mToggle local echo on/off                         
[1;30m  /EJECT [USERNAME]   [0mEjects a user from the room                      
[1;30m  /FORGET [USERNAME]  [0mIgnores a user's messages on your screen.         
[1;30m  /G[18C[0mLog off
[1;30m  /GLOBAL[13C[0mjoins channel #1/0
[1;30m  /INTERRUPT[10C[0mToggles message interruption
[1;30m  /INVITE [USERNAME]  [0mAllows a user to ask others to a prive room.      
[1;30m  /J [ROOM#]          [0mJoins that particular room. #1-255                      
[1;30m  /L                  [0mList all Actions Avalible.                        
[1;30m  /M [TOPIC]          [0mMakes you the moderator, and sets the topic.      
[1;30m  /P [USERNAME]       [0mSends a private message to that particular user.  
[1;30m  /Q [MSG]            [0mExits Teleconferencing with an optional message.  
[1;30m  /REMEMBER [USER]    [0mRemembers a user that you have 'Forgotten'.       
[1;30m  /S                  [0mShow users in all conference rooms.               
[1;30m  /U                  [0mShow users in current conference room.            
[1;30m  /W                  [0mWho's currently on the system?                    
  [1;30mÄÄÄÄÄÄÄÄÄÄÄÄÄÄÄÄÄÄÄÄÄÄÄÄÄÄÄÄÄÄÄÄÄÄÄÄÄÄÄÄÄÄÄÄÄÄÄÄÄÄÄÄÄÄÄÄÄÄÄÄÄÄÄÄÄÄÄÄÄÄÄÄÄÄÄÄ[0m
[0m