[2J[0m[8C  ÜÜÜÜÜÜÜ ÜÜÜÜÜ  ÜÜÜÜÜÜ [1;30mþÜÜÜ[0m ÜÜÜÜÜÜ  ÜÜÜ ÜÜÜ [1;30mÜÜÜ[0m  ÜÜÜÜÜ [1;30mþ [0mÜÜÜÜÜÜ
[8C [1;30;47m²þ[0mÛ ÛÛ[1;47m±[0m [1;30;47m±[0mÛÛ ÛÛ[1;47m±[0m [1;30;47m°[0mÛÛ ÛÛ[1;47m°[0m [1;30mÛÛÜ[0m [1;30;47m±[0mÛÛ ÛÛ[1;47m±[0m [1;30;47m±[0mÛ[1;47m°[0m [1;30;47m±[0mÛÛ [1;30mÝÛ²[0m [1;30;47m±[0mÛÛÜÛÛ[1;47m°[0m [1;30;47m°[0mÛÛ ßßß
[8C [1;30mÜÜÜ[0m ÛÛ[1;47m²[0m [1;30;47m²[0mÛÛ ÛÛ[1;47m²[0m [1;30;47m±[0mÛÛ ÛÛ[1;47m±[0m [1;30mÝÝÛ[0m [1;30;47m²[0mÛÛ ßß[1mß[0m [1;30;47m²[0mÛ[1;47m [0m [1;30;47m²[0mÛÛ ÜÜÜ [1;30;47m²[0mÛÛ ÜÜÜ ßßßßÛÛ[1;47m²[0m
[8C [1;30mÝÛ²[0m Û[1;47mþß[0m [1;30mß[47mÜ[0mÛÜÛ[1;47mÜ[40mß[0m [1;30;47m²þ[0mÛßß[1mß[0m [1;30mÜÛÛ²[0m [1;30;47mßþ[0mÛß [1;30mÛ²[0m [1;30;47mßþ[37m [0m [1;30;47mßþ[0mÛÜÛ[1;47mÜ[40mß[0m [1;30mß[47mþ[0mÛÜÛ[1;47mÜ[40mß[0m [1;30;47m²[0mÛÛÜÛ[1;47mÜ[40mß[0m
[8C[1;30m ÄÄÄÄÄÄÄÄÄÄÄÄÄÄÄÄÄÄÄÄÄÄÄÄÄÄÄÄÄÄÄÄÄÄÄÄÄÄÄÄÄÄÄÄÄ mN! ÄÄÄÄÄÄÄÄÄÄÄÄÄ[0m
%00
[8C[1;30m ÄÄÄÄÄÄÄÄÄÄÄÄÄÄÄÄÄÄÄÄÄÄÄÄÄÄÄÄÄÄÄÄÄÄÄÄÄÄÄÄÄÄÄÄÄÄÄÄÄÄÄÄÄÄÄÄÄÄÄÄÄÄÄ[0m
  [6C [1;30mó[0m##[1;30mò[0m [1;30mó[0mFilename[1;30mò[0m[28C%01
[8C[1;30m ÄÄÄÄÄÄÄÄÄÄÄÄÄÄÄÄÄÄÄÄÄÄÄÄÄÄÄÄÄÄÄÄÄÄÄÄÄÄÄÄÄÄÄÄÄÄÄÄÄÄÄÄÄÄÄÄÄÄÄÄÄÄÄ[0m
[0m