[2J[0m[17CÜÜÜ ÜÜÜ ÜÜÜÜÜÜ  ÜÜÜ [1;30mÜÜÜ[0m  ÜÜÜÜÜ [1;30mþ[0m ÜÜÜÜÜ [1;30mþ[0m ÜÜÜÛÛ[1;47m°[0m
[17C[1;30;47m±[0mÛÛ ÛÛ[1;47m±[0m [1;30;47m°[0mÛÛ ÛÛ[1;47m°[0m [1;30;47m±[0mÛÛ [1;30mÝÛ²[0m [1;30;47m±[0mÛÛ ÛÛ[1;47m±[0m [1;30;47m±[0mßß ÛÛ[1;47m±[0m [1;30;47m±[0mÛÛ Û[1;47m ±[0m
[17C[1;30;47m²[0mÛÛ ÛÛ[1;47m²[0m [1;30;47m±[0mÛÛ ÛÛ[1;47m±[0m [1;30;47m²[0mÛÛ ÜÜÜ [1;30;47m²[0mÛÛ ÛÛ[1;47m²[0m [1;30m [0mÜÛßÛÛ[1;47m²[0m [1;30;47m²[0mÛÛ Û[1;47m ²[0m
[17C[1;30mß[47mÜ[0mÛÜÛ[1;47mÜ[40mß[0m [1;30;47m²þ[0mÛßß[1mß[0m  [1;30;47mßþ[0mÛÜÛ[1;47mÜ[40mß[0m [1;30mß[47mÜ[0mÛÜÛ[1;47mÜ[40mß[0m [1;30;47m²Ü[0mÛÜÛ[1;47mþ[40mÛ[0m [1;30mß[47mþ[0mÛÜÛ[1;47mþß[0m
[17C[1;30mÄÄÄÄÄÄÄÄÄÄÄ mN![0m [1;30mÄÄÄÄÄÄÄÄÄÄÄÄÄÄÄÄÄÄÄÄÄÄÄÄÄÄÄÄÄÄÄ[0m

[17CSince [1m%FD [0myou've uploaded [1m%UL [0mfiles ([1m%UK [0mk)
[17CToday you've uploaded [1m%%% [0mfiles ([1m%%% [0mk)

[17C[1;30mÄÄÄÄÄÄÄÄÄÄÄÄÄÄÄÄÄÄÄÄÄÄÄÄÄÄÄÄÄÄÄÄÄÄÄÄÄÄÄÄÄÄÄÄÄÄÄ[0m
[0m