[2J[0m[21CÜÜÜ ÜÜÜ [1;30m [0mÜÜÜÜÜÜ  ÜÜÜÜÜ  ÜÜÜÜÜÜ [1;30mþ [0mÜÜÜÜÜÜ
[21C[1;30;47m±[0mÛÛ ÛÛ[1;47m±[0m [1;30;47m°[0mÛÛ ßßß [1;30;47m±[40m
[A[38C[0mÛÛÜÛÛ[1;47m°[0m [1;30;47m±[0mÛÛ Û[1;47mþß[0m 
[A[53C[1;30;47m°[0mÛÛ ßßß
[21C[1;30;47m²[0mÛÛ ÛÛ[1;47m²[0m ßßßßÛÛ[1;47m²[0m [1;30;47m²[40m
[A[38C[0mÛÛ ÜÜÜ [1;30;47m²[0mÛÛ [1;30mÜÜÜ[0m ßßßßÛÛ[1;47m²[0m
[21C[1;30mß[47mÜ[0mÛÜÛ[1;47mÜ[40mß[0m [1;30;47m²[0mÛÛÜÛ[1;47m[40m
[A[34C[47mÜ[40mß[0m [1;30mß[47mþ[0mÛÜÛ[1;47mÜ[40mß[0m 
[A[45C[1;30;47mßþ[0mÛ [1;30mÝÛ²[0m [1;30;47m²[0mÛÛÜÛ[1;47mÜ[40m
[A[59Cß[0m
  [1;30mÄÄÄÄÄÄÄÄÄÄÄÄÄÄÄÄÄÄÄÄÄÄÄÄÄÄÄÄÄÄÄÄÄÄÄÄÄÄÄÄÄÄÄÄÄÄ mN! ÄÄÄÄÄÄÄÄÄÄÄ
[A[64CÄÄÄÄÄÄÄÄÄÄÄÄÄÄ[0m
  [1;30mó[0mUser Name[1;30mò[0m[18C[1;30mó[0mCalling From[1;30m
[A[44Cò[0m[16C[1;30mó[0mS[1;30m³[0mA[1;30mò[0m[3C[1;30mó[0m
[A[70CLast On[1;30mò[0m
  [1;30mÄÄÄÄÄÄÄÄÄÄÄÄÄÄÄÄÄÄÄÄÄÄÄÄÄÄÄÄÄÄÄÄÄÄÄÄÄÄÄÄÄÄÄÄÄÄÄÄÄÄÄÄÄÄÄÄÄÄÄÄÄÄ
[A[64CÄÄÄÄÄÄÄÄÄÄÄÄÄÄ[0m
[0m